[info] Don't invoke 'print' in production code (D:\Flutter_2025\Arabic Alphabet\arabic_learning_app\lib\features\level_one\presentation\views\character_pronunciation_practice_view.dart:279:5)
[info] Don't invoke 'print' in production code (D:\Flutter_2025\Arabic Alphabet\arabic_learning_app\lib\features\level_one\presentation\views\character_pronunciation_practice_view.dart:280:5)
[info] Don't invoke 'print' in production code (D:\Flutter_2025\Arabic Alphabet\arabic_learning_app\lib\features\level_one\presentation\views\character_pronunciation_practice_view.dart:323:5)
[info] Don't invoke 'print' in production code (D:\Flutter_2025\Arabic Alphabet\arabic_learning_app\lib\features\level_one\presentation\views\character_pronunciation_practice_view.dart:329:7)
[info] Don't invoke 'print' in production code (D:\Flutter_2025\Arabic Alphabet\arabic_learning_app\lib\features\level_one\presentation\views\character_pronunciation_practice_view.dart:336:7)
[info] Don't invoke 'print' in production code (D:\Flutter_2025\Arabic Alphabet\arabic_learning_app\lib\features\level_one\presentation\views\character_pronunciation_practice_view.dart:362:7)
[info] Don't invoke 'print' in production code (D:\Flutter_2025\Arabic Alphabet\arabic_learning_app\lib\features\level_one\presentation\views\character_pronunciation_practice_view.dart:366:7)
[info] Don't invoke 'print' in production code (D:\Flutter_2025\Arabic Alphabet\arabic_learning_app\lib\features\level_one\presentation\views\character_pronunciation_practice_view.dart:371:7)
[info] Don't invoke 'print' in production code (D:\Flutter_2025\Arabic Alphabet\arabic_learning_app\lib\features\level_one\presentation\views\character_pronunciation_practice_view.dart:375:7)
[info] Don't invoke 'print' in production code (D:\Flutter_2025\Arabic Alphabet\arabic_learning_app\lib\features\level_one\presentation\views\character_pronunciation_practice_view.dart:379:7)
[info] Don't invoke 'print' in production code (D:\Flutter_2025\Arabic Alphabet\arabic_learning_app\lib\features\level_one\presentation\views\character_pronunciation_practice_view.dart:383:7)
[info] Don't invoke 'print' in production code (D:\Flutter_2025\Arabic Alphabet\arabic_learning_app\lib\features\level_one\presentation\views\character_pronunciation_practice_view.dart:387:7)
[info] Don't invoke 'print' in production code (D:\Flutter_2025\Arabic Alphabet\arabic_learning_app\lib\features\level_one\presentation\views\character_pronunciation_practice_view.dart:391:7)
[info] Don't invoke 'print' in production code (D:\Flutter_2025\Arabic Alphabet\arabic_learning_app\lib\features\level_one\presentation\views\character_pronunciation_practice_view.dart:395:7)
[info] Don't invoke 'print' in production code (D:\Flutter_2025\Arabic Alphabet\arabic_learning_app\lib\features\level_one\presentation\views\character_pronunciation_practice_view.dart:399:7)
[info] Don't invoke 'print' in production code (D:\Flutter_2025\Arabic Alphabet\arabic_learning_app\lib\features\level_one\presentation\views\character_pronunciation_practice_view.dart:403:7)
[info] Don't invoke 'print' in production code (D:\Flutter_2025\Arabic Alphabet\arabic_learning_app\lib\features\level_one\presentation\views\character_pronunciation_practice_view.dart:407:7)
[info] Don't invoke 'print' in production code (D:\Flutter_2025\Arabic Alphabet\arabic_learning_app\lib\features\level_one\presentation\views\character_pronunciation_practice_view.dart:411:7)
[info] Don't invoke 'print' in production code (D:\Flutter_2025\Arabic Alphabet\arabic_learning_app\lib\features\level_one\presentation\views\character_pronunciation_practice_view.dart:416:7)
[info] Don't invoke 'print' in production code (D:\Flutter_2025\Arabic Alphabet\arabic_learning_app\lib\features\level_one\presentation\views\character_pronunciation_practice_view.dart:420:7)
[info] Don't invoke 'print' in production code (D:\Flutter_2025\Arabic Alphabet\arabic_learning_app\lib\features\level_one\presentation\views\character_pronunciation_practice_view.dart:434:11)
[info] Don't invoke 'print' in production code (D:\Flutter_2025\Arabic Alphabet\arabic_learning_app\lib\features\level_one\presentation\views\character_pronunciation_practice_view.dart:440:5)
[error] 4 positional arguments expected by 'translateByDouble', but 2 found (D:\Flutter_2025\Arabic Alphabet\arabic_learning_app\lib\features\math\data\svg_number_paths.dart:77:43)
[error] 4 positional arguments expected by 'scaleByDouble', but 2 found (D:\Flutter_2025\Arabic Alphabet\arabic_learning_app\lib\features\math\data\svg_number_paths.dart:78:35)
[info] Don't use 'BuildContext's across async gaps, guarded by an unrelated 'mounted' check (D:\Flutter_2025\Arabic Alphabet\arabic_learning_app\lib\features\math\presentation\views\math_level_numbers_view.dart:406:19)
[info] Don't invoke 'print' in production code (D:\Flutter_2025\Arabic Alphabet\arabic_learning_app\lib\features\word_training\presentation\views\widgets\word_training_view_body.dart:81:7)
[info] Don't invoke 'print' in production code (D:\Flutter_2025\Arabic Alphabet\arabic_learning_app\lib\features\word_training\presentation\views\widgets\word_training_view_body.dart:137:9)
[info] 'translate' is deprecated and shouldn't be used. Use translateByVector3, translateByVector4, or translateByDouble instead (D:\Flutter_2025\Arabic Alphabet\arabic_learning_app\lib\features\writing_practice\presentation\views\widgets\automated_letter_trace_screen.dart:156:11)
[info] 'scale' is deprecated and shouldn't be used. Use scaleByVector3, scaleByVector4, or scaleByDouble instead (D:\Flutter_2025\Arabic Alphabet\arabic_learning_app\lib\features\writing_practice\presentation\views\widgets\automated_letter_trace_screen.dart:157:11)
[info] Don't invoke 'print' in production code (D:\Flutter_2025\Arabic Alphabet\arabic_learning_app\lib\features\writing_practice\presentation\views\widgets\automated_letter_trace_screen.dart:72:7)
[info] Don't invoke 'print' in production code (D:\Flutter_2025\Arabic Alphabet\arabic_learning_app\lib\features\writing_practice\presentation\views\widgets\automated_letter_trace_screen.dart:75:9)
[info] Don't invoke 'print' in production code (D:\Flutter_2025\Arabic Alphabet\arabic_learning_app\lib\features\writing_practice\presentation\views\widgets\automated_letter_trace_screen.dart:83:7)
[info] Don't invoke 'print' in production code (D:\Flutter_2025\Arabic Alphabet\arabic_learning_app\lib\features\writing_practice\presentation\views\widgets\automated_letter_trace_screen.dart:86:9)
[info] Don't invoke 'print' in production code (D:\Flutter_2025\Arabic Alphabet\arabic_learning_app\lib\features\writing_practice\presentation\views\widgets\automated_letter_trace_screen.dart:97:11)
[info] Don't invoke 'print' in production code (D:\Flutter_2025\Arabic Alphabet\arabic_learning_app\lib\features\writing_practice\presentation\views\widgets\automated_letter_trace_screen.dart:102:13)
[info] Don't invoke 'print' in production code (D:\Flutter_2025\Arabic Alphabet\arabic_learning_app\lib\features\writing_practice\presentation\views\widgets\automated_letter_trace_screen.dart:111:11)
[info] Don't invoke 'print' in production code (D:\Flutter_2025\Arabic Alphabet\arabic_learning_app\lib\features\writing_practice\presentation\views\widgets\automated_letter_trace_screen.dart:116:7)
[info] Don't invoke 'print' in production code (D:\Flutter_2025\Arabic Alphabet\arabic_learning_app\lib\features\writing_practice\presentation\views\widgets\automated_letter_trace_screen.dart:119:9)
[info] Don't invoke 'print' in production code (D:\Flutter_2025\Arabic Alphabet\arabic_learning_app\lib\features\writing_practice\presentation\views\widgets\automated_letter_trace_screen.dart:129:7)
[info] Don't invoke 'print' in production code (D:\Flutter_2025\Arabic Alphabet\arabic_learning_app\lib\features\writing_practice\presentation\views\widgets\automated_letter_trace_screen.dart:132:7)
[info] Don't invoke 'print' in production code (D:\Flutter_2025\Arabic Alphabet\arabic_learning_app\lib\features\writing_practice\presentation\views\widgets\automated_letter_trace_screen.dart:135:9)
[info] Don't invoke 'print' in production code (D:\Flutter_2025\Arabic Alphabet\arabic_learning_app\lib\features\writing_practice\presentation\views\widgets\automated_letter_trace_screen.dart:145:7)
[info] Don't invoke 'print' in production code (D:\Flutter_2025\Arabic Alphabet\arabic_learning_app\lib\features\writing_practice\presentation\views\widgets\automated_letter_trace_screen.dart:153:7)
[info] Don't invoke 'print' in production code (D:\Flutter_2025\Arabic Alphabet\arabic_learning_app\lib\features\writing_practice\presentation\views\widgets\automated_letter_trace_screen.dart:171:11)
[info] Don't invoke 'print' in production code (D:\Flutter_2025\Arabic Alphabet\arabic_learning_app\lib\features\writing_practice\presentation\views\widgets\automated_letter_trace_screen.dart:206:9)
[info] Don't invoke 'print' in production code (D:\Flutter_2025\Arabic Alphabet\arabic_learning_app\lib\features\writing_practice\presentation\views\widgets\automated_letter_trace_screen.dart:218:7)
[info] Don't invoke 'print' in production code (D:\Flutter_2025\Arabic Alphabet\arabic_learning_app\lib\features\writing_practice\presentation\views\widgets\automated_letter_trace_screen.dart:262:11)
[info] Don't invoke 'print' in production code (D:\Flutter_2025\Arabic Alphabet\arabic_learning_app\lib\features\writing_practice\presentation\views\widgets\automated_letter_trace_screen.dart:276:13)
[info] Don't invoke 'print' in production code (D:\Flutter_2025\Arabic Alphabet\arabic_learning_app\tools\replace_with_opacity.dart:8:5)
[info] Don't invoke 'print' in production code (D:\Flutter_2025\Arabic Alphabet\arabic_learning_app\tools\replace_with_opacity.dart:60:3)